start initalization.
Hello World from a constructor 1
Hello World from a constructor 2
initalization is done.
