EXEC_ONCE: cannot resolve dependency for the below TU.
TU `b` depends on: `no-exists`
   2 blocks registered
    tests/ex_non_exists_tu.b.c:5: exec_once_0
    tests/ex_non_exists_tu.b.c:8: exec_once_2
EXEC_ONCE: cannot resolve dependency for the below TU.
TU `a` depends on: `no-exists`
   2 blocks registered
    tests/ex_non_exists_tu.a.c:5: exec_once_0
    tests/ex_non_exists_tu.a.c:8: exec_once_2
start initalization.
Aborted
