start initalization.
Hello World from a constructor
initalization is done.
