Hello World from a constructor foo1
Hello World from a constructor foo2
Hello World